16:45:53 **** Incremental Build of configuration Debug for project FuncInRam ****
make -j8 all 
arm-none-eabi-gcc "../Core/Src/main.c" -mcpu=cortex-m3 -std=gnu11 -g3 -DDEBUG -DUSE_HAL_DRIVER -DSTM32F103xB -c -I../Core/Inc -I../Drivers/STM32F1xx_HAL_Driver/Inc -I../Drivers/STM32F1xx_HAL_Driver/Inc/Legacy -I../Drivers/CMSIS/Device/ST/STM32F1xx/Include -I../Drivers/CMSIS/Include -O0 -ffunction-sections -fdata-sections -Wall -fstack-usage -MMD -MP -MF"Core/Src/main.d" -MT"Core/Src/main.o" --specs=nano.specs -mfloat-abi=soft -mthumb -o "Core/Src/main.o"
arm-none-eabi-gcc -o "FuncInRam.elf" @"objects.list"   -mcpu=cortex-m3 -T"E:\Udemy\M3M4M7\MyLearning\CubeIDE\FuncInRam\STM32F103C8TX_FLASH.ld" --specs=nosys.specs -Wl,-Map="FuncInRam.map" -Wl,--gc-sections -static --specs=nano.specs -mfloat-abi=soft -mthumb -Wl,--start-group -lc -lm -Wl,--end-group
Finished building target: FuncInRam.elf
 
arm-none-eabi-objdump -h -S  FuncInRam.elf  > "FuncInRam.list"
arm-none-eabi-objcopy  -O binary  FuncInRam.elf  "FuncInRam.bin"
arm-none-eabi-size   FuncInRam.elf 
   text	   data	    bss	    dec	    hex	filename
   6080	      8	   1644	   7732	   1e34	FuncInRam.elf
Finished building: default.size.stdout
 
Finished building: FuncInRam.bin
Finished building: FuncInRam.list
 
 
